This is XeTeX, Version 3.14159265-2.6-0.999991 (TeX Live 2019/Debian) (preloaded format=xetex 2022.4.11)  22 SEP 2022 22:39
entering extended mode
 restricted \write18 enabled.
 %&-line parsing enabled.
**test.tex
(./test.tex
! Undefined control sequence.
l.1 \documentclass
                  {article}
? ^^[[A^^[[A^^[[A
Type <return> to proceed, S to scroll future error messages,
R to run without stopping, Q to run quietly,
I to insert something, E to edit your file,
1 or ... or 9 to ignore the next 1 to 9 tokens of input,
H for help, X to quit.
? 
! Emergency stop.
l.1 \documentclass
                  {article}
End of file on the terminal!

No pages of output.
